Copyright 1986-2016 Xilinx, Inc. All Rights Reserved.
--------------------------------------------------------------------------------------
| Tool Version : Vivado v.2016.2 (win64) Build 1577090 Thu Jun  2 16:32:40 MDT 2016
| Date         : Fri Nov 16 20:19:55 2018
| Host         : SHUN-LAPTOP running 64-bit major release  (build 9200)
| Command      : report_control_sets -verbose -file topmodule_control_sets_placed.rpt
| Design       : topmodule
| Device       : xc7a100t
--------------------------------------------------------------------------------------

Control Set Information

Table of Contents
-----------------
1. Summary
2. Flip-Flop Distribution
3. Detailed Control Set Information

1. Summary
----------

+----------------------------------------------------------+-------+
|                          Status                          | Count |
+----------------------------------------------------------+-------+
| Number of unique control sets                            |   178 |
| Unused register locations in slices containing registers |   159 |
+----------------------------------------------------------+-------+


2. Flip-Flop Distribution
-------------------------

+--------------+-----------------------+------------------------+-----------------+--------------+
| Clock Enable | Synchronous Set/Reset | Asynchronous Set/Reset | Total Registers | Total Slices |
+--------------+-----------------------+------------------------+-----------------+--------------+
| No           | No                    | No                     |             136 |           76 |
| No           | No                    | Yes                    |               0 |            0 |
| No           | Yes                   | No                     |              70 |           45 |
| Yes          | No                    | No                     |             503 |          164 |
| Yes          | No                    | Yes                    |               0 |            0 |
| Yes          | Yes                   | No                     |            3988 |         1480 |
+--------------+-----------------------+------------------------+-----------------+--------------+


3. Detailed Control Set Information
-----------------------------------

+----------------------------------------+-----------------------------------------------------------------------------------------------------+-------------------------------------------------------+------------------+----------------+
|              Clock Signal              |                                            Enable Signal                                            |                    Set/Reset Signal                   | Slice Load Count | Bel Load Count |
+----------------------------------------+-----------------------------------------------------------------------------------------------------+-------------------------------------------------------+------------------+----------------+
|  disp7seg/freqDivider_inst/out[0]      |                                                                                                     |                                                       |                1 |              3 |
|  computer_uut/clkgen_inst/inst/clk_cpu | computer_uut/sccpu/alu/clzblock/pc_reg[31][1]                                                       | debugInfo_inst/SR[0]                                  |                3 |              4 |
|  computer_uut/clkgen_inst/inst/clk_vga |                                                                                                     |                                                       |                3 |              4 |
|  computer_uut/clkgen_inst/inst/clk_cpu | computer_uut/sdcon_inst/bit_cnt_reg[3][0]                                                           | debugInfo_inst/SR[0]                                  |                2 |              4 |
|  computer_uut/clkgen_inst/inst/clk_cpu | computer_uut/bootloader_inst/nextNextState[4]_i_1_n_0                                               | computer_uut/bootloader_inst/blState[7]_i_1_n_0       |                2 |              5 |
|  computer_uut/clkgen_inst/inst/clk_cpu | computer_uut/bootloader_inst/nextState                                                              | computer_uut/bootloader_inst/blState[7]_i_1_n_0       |                2 |              5 |
|  computer_uut/clkgen_inst/inst/clk_cpu | computer_uut/sdcon_inst/commandByteCounter[5]_i_1_n_0                                               | computer_uut/sdcon_inst/sdState[7]_i_1_n_0            |                2 |              6 |
| ~computer_uut/clkgen_inst/inst/clk_cpu |                                                                                                     | debugInfo_inst/SR[0]                                  |                5 |              6 |
|  computer_uut/clkgen_inst/inst/clk_cpu | computer_uut/bootloader_inst/currFileSize[15]_i_1_n_0                                               |                                                       |                2 |              7 |
|  computer_uut/clkgen_inst/inst/clk_cpu | computer_uut/bootloader_inst/currFileSize[31]_i_2_n_0                                               | computer_uut/bootloader_inst/currFileSize[31]_i_1_n_0 |                2 |              7 |
|  computer_uut/clkgen_inst/inst/clk_cpu | computer_uut/bootloader_inst/currFileName[63]                                                       | computer_uut/bootloader_inst/blState[7]_i_1_n_0       |                3 |              8 |
|  computer_uut/clkgen_inst/inst/clk_cpu | computer_uut/bootloader_inst/currFileName[55]                                                       | computer_uut/bootloader_inst/blState[7]_i_1_n_0       |                4 |              8 |
|  computer_uut/clkgen_inst/inst/clk_cpu | computer_uut/sdcon_inst/oReadData[7]_i_1_n_0                                                        | computer_uut/sdcon_inst/sdState[7]_i_1_n_0            |                2 |              8 |
|  computer_uut/clkgen_inst/inst/clk_cpu | computer_uut/sdcon_inst/oSpiTxData[7]_i_1_n_0                                                       | computer_uut/sdcon_inst/sdState[7]_i_1_n_0            |                7 |              8 |
|  computer_uut/clkgen_inst/inst/clk_cpu | computer_uut/sdcon_inst/resetCounter[7]_i_1_n_0                                                     | computer_uut/sdcon_inst/sdState[7]_i_1_n_0            |                2 |              8 |
| ~computer_uut/clkgen_inst/inst/clk_cpu | computer_uut/sccpu/alu__6_n_0                                                                       | computer_uut/sccpu/alu/clzblock/clear                 |                2 |              8 |
|  computer_uut/clkgen_inst/inst/clk_cpu | computer_uut/bootloader_inst/currFileName[47]                                                       | computer_uut/bootloader_inst/blState[7]_i_1_n_0       |                3 |              8 |
|  computer_uut/clkgen_inst/inst/clk_cpu | computer_uut/bootloader_inst/currFileName[39]                                                       | computer_uut/bootloader_inst/blState[7]_i_1_n_0       |                3 |              8 |
|  computer_uut/clkgen_inst/inst/clk_cpu | computer_uut/bootloader_inst/currFileName[31]                                                       | computer_uut/bootloader_inst/blState[7]_i_1_n_0       |                4 |              8 |
|  computer_uut/clkgen_inst/inst/clk_cpu | computer_uut/bootloader_inst/currFileName[15]                                                       | computer_uut/bootloader_inst/blState[7]_i_1_n_0       |                4 |              8 |
|  computer_uut/clkgen_inst/inst/clk_cpu | computer_uut/bootloader_inst/currFileName[7]                                                        | computer_uut/bootloader_inst/blState[7]_i_1_n_0       |                3 |              8 |
|  computer_uut/clkgen_inst/inst/clk_cpu | computer_uut/bootloader_inst/currFileClusNum[24]                                                    | computer_uut/bootloader_inst/blState[7]_i_1_n_0       |                3 |              8 |
|  computer_uut/clkgen_inst/inst/clk_cpu | computer_uut/bootloader_inst/currFileClusNum[16]                                                    | computer_uut/bootloader_inst/blState[7]_i_1_n_0       |                3 |              8 |
|  computer_uut/clkgen_inst/inst/clk_cpu | computer_uut/sdcon_inst/sdState[7]_i_2_n_0                                                          | computer_uut/sdcon_inst/sdState[7]_i_1_n_0            |                7 |              8 |
|  computer_uut/clkgen_inst/inst/clk_cpu | computer_uut/bootloader_inst/currFileSize[7]_i_2_n_0                                                | computer_uut/bootloader_inst/currFileSize[7]_i_1_n_0  |                2 |              8 |
|  computer_uut/clkgen_inst/inst/clk_cpu | computer_uut/bootloader_inst/currFileName[23]                                                       | computer_uut/bootloader_inst/blState[7]_i_1_n_0       |                3 |              8 |
|  computer_uut/clkgen_inst/inst/clk_cpu | computer_uut/sdcon_inst/oRxData_reg[7][0]                                                           | debugInfo_inst/SR[0]                                  |                3 |              8 |
|  computer_uut/clkgen_inst/inst/clk_cpu | computer_uut/bootloader_inst/currFileSize[23]_i_2_n_0                                               | computer_uut/bootloader_inst/currFileSize[23]_i_1_n_0 |                3 |              8 |
| ~computer_uut/clkgen_inst/inst/clk_cpu | computer_uut/sccpu/alu/divider/E[0]                                                                 | computer_uut/sccpu/alu/divider/clear                  |                2 |              8 |
| ~computer_uut/clkgen_inst/inst/clk_cpu | computer_uut/sccpu/alu__8_n_0                                                                       | computer_uut/sccpu/alu/multiplier/clear               |                3 |              8 |
|  computer_uut/clkgen_inst/inst/clk_cpu | computer_uut/bootloader_inst/currFileClusNum[8]                                                     | computer_uut/bootloader_inst/blState[7]_i_1_n_0       |                4 |              8 |
| ~computer_uut/clkgen_inst/inst/clk_cpu | computer_uut/kernel_inst/funcCode_stored[7]_i_1_n_0                                                 |                                                       |                2 |              8 |
|  computer_uut/clkgen_inst/inst/clk_cpu | computer_uut/bootloader_inst/dbrAddr[7]_i_1_n_0                                                     | computer_uut/bootloader_inst/blState[7]_i_1_n_0       |                1 |              8 |
|  computer_uut/clkgen_inst/inst/clk_cpu | computer_uut/bootloader_inst/dbrAddr[31]_i_1_n_0                                                    | computer_uut/bootloader_inst/blState[7]_i_1_n_0       |                2 |              8 |
|  computer_uut/clkgen_inst/inst/clk_cpu | computer_uut/bootloader_inst/dbrAddr[23]_i_1_n_0                                                    | computer_uut/bootloader_inst/blState[7]_i_1_n_0       |                2 |              8 |
|  computer_uut/clkgen_inst/inst/clk_cpu | computer_uut/bootloader_inst/scanRootState                                                          | computer_uut/bootloader_inst/blState[7]_i_1_n_0       |                4 |              8 |
|  computer_uut/clkgen_inst/inst/clk_cpu | computer_uut/bootloader_inst/dbrAddr[15]_i_1_n_0                                                    | computer_uut/bootloader_inst/blState[7]_i_1_n_0       |                1 |              8 |
|  computer_uut/clkgen_inst/inst/clk_cpu | computer_uut/bootloader_inst/BPB_FATSz32[15]_i_1_n_0                                                | computer_uut/bootloader_inst/blState[7]_i_1_n_0       |                3 |              8 |
|  computer_uut/clkgen_inst/inst/clk_cpu | computer_uut/bootloader_inst/BPB_FATSz32[23]_i_1_n_0                                                | computer_uut/bootloader_inst/blState[7]_i_1_n_0       |                1 |              8 |
|  computer_uut/clkgen_inst/inst/clk_cpu | computer_uut/bootloader_inst/BPB_FATSz32[31]_i_1_n_0                                                | computer_uut/bootloader_inst/blState[7]_i_1_n_0       |                1 |              8 |
|  computer_uut/clkgen_inst/inst/clk_cpu | computer_uut/bootloader_inst/BPB_FATSz32[7]_i_1_n_0                                                 | computer_uut/bootloader_inst/blState[7]_i_1_n_0       |                2 |              8 |
|  computer_uut/clkgen_inst/inst/clk_cpu | computer_uut/bootloader_inst/BPB_NumFATs                                                            | computer_uut/bootloader_inst/blState[7]_i_1_n_0       |                4 |              8 |
|  computer_uut/clkgen_inst/inst/clk_cpu | computer_uut/bootloader_inst/BPB_RootClusNum[15]_i_1_n_0                                            | computer_uut/bootloader_inst/blState[7]_i_1_n_0       |                1 |              8 |
|  computer_uut/clkgen_inst/inst/clk_cpu | computer_uut/bootloader_inst/BPB_RootClusNum[23]_i_1_n_0                                            | computer_uut/bootloader_inst/blState[7]_i_1_n_0       |                3 |              8 |
|  computer_uut/clkgen_inst/inst/clk_cpu | computer_uut/bootloader_inst/BPB_RootClusNum[31]_i_1_n_0                                            | computer_uut/bootloader_inst/blState[7]_i_1_n_0       |                1 |              8 |
|  computer_uut/clkgen_inst/inst/clk_cpu | computer_uut/bootloader_inst/BPB_RootClusNum[7]_i_1_n_0                                             | computer_uut/bootloader_inst/blState[7]_i_1_n_0       |                1 |              8 |
|  computer_uut/clkgen_inst/inst/clk_cpu | computer_uut/bootloader_inst/BPB_RsvdSecCnt[15]_i_1_n_0                                             | computer_uut/bootloader_inst/blState[7]_i_1_n_0       |                4 |              8 |
|  computer_uut/clkgen_inst/inst/clk_cpu | computer_uut/bootloader_inst/BPB_RsvdSecCnt[7]_i_1_n_0                                              | computer_uut/bootloader_inst/blState[7]_i_1_n_0       |                2 |              8 |
|  computer_uut/clkgen_inst/inst/clk_cpu | computer_uut/bootloader_inst/currFileName[71]                                                       | computer_uut/bootloader_inst/blState[7]_i_1_n_0       |                3 |              8 |
|  computer_uut/clkgen_inst/inst/clk_cpu | computer_uut/bootloader_inst/currFileName[79]                                                       | computer_uut/bootloader_inst/blState[7]_i_1_n_0       |                3 |              8 |
|  computer_uut/clkgen_inst/inst/clk_cpu | computer_uut/bootloader_inst/currFileName[87]                                                       | computer_uut/bootloader_inst/blState[7]_i_1_n_0       |                3 |              8 |
|  computer_uut/clkgen_inst/inst/clk_cpu | computer_uut/bootloader_inst/mbrHeader[1]                                                           | computer_uut/bootloader_inst/blState[7]_i_1_n_0       |                3 |              8 |
|  computer_uut/clkgen_inst/inst/clk_cpu | computer_uut/bootloader_inst/memWord[7]                                                             | computer_uut/bootloader_inst/blState[7]_i_1_n_0       |                5 |              8 |
|  computer_uut/clkgen_inst/inst/clk_cpu | computer_uut/bootloader_inst/memWord[15]                                                            | computer_uut/bootloader_inst/blState[7]_i_1_n_0       |                3 |              8 |
|  computer_uut/clkgen_inst/inst/clk_cpu | computer_uut/bootloader_inst/memWord[23]                                                            | computer_uut/bootloader_inst/blState[7]_i_1_n_0       |                4 |              8 |
|  computer_uut/clkgen_inst/inst/clk_cpu | computer_uut/sdcon_inst/nextNextState[7]_i_1_n_0                                                    | computer_uut/sdcon_inst/sdState[7]_i_1_n_0            |                4 |              8 |
|  computer_uut/clkgen_inst/inst/clk_cpu | computer_uut/sdcon_inst/nextState[7]_i_1_n_0                                                        | computer_uut/sdcon_inst/sdState[7]_i_1_n_0            |                4 |              8 |
|  computer_uut/clkgen_inst/inst/clk_cpu |                                                                                                     | computer_uut/spicon_inst/clk_cnt[8]_i_1_n_0           |                3 |              9 |
|  computer_uut/clkgen_inst/inst/clk_cpu | computer_uut/spicon_inst/spiclk_cnt[8]_i_1_n_0                                                      | debugInfo_inst/SR[0]                                  |                3 |              9 |
|  computer_uut/clkgen_inst/inst/clk_cpu |                                                                                                     | debugInfo_inst/SR[0]                                  |                6 |             10 |
|  computer_uut/clkgen_inst/inst/clk_cpu | computer_uut/sdcon_inst/waitSpiRxDataCounter[9]_i_1_n_0                                             | computer_uut/sdcon_inst/sdState[7]_i_1_n_0            |                6 |             10 |
|  computer_uut/clkgen_inst/inst/clk_vga | computer_uut/vga_inst/v_cnt_r[9]_i_2_n_0                                                            | computer_uut/vga_inst/v_cnt_r[9]_i_1_n_0              |                5 |             10 |
|  computer_uut/clkgen_inst/inst/clk_cpu | computer_uut/sdcon_inst/retryACMD41Counter[9]_i_1_n_0                                               | computer_uut/sdcon_inst/sdState[7]_i_1_n_0            |                3 |             10 |
|  computer_uut/clkgen_inst/inst/clk_cpu | computer_uut/bootloader_inst/dirItemIndex[10]_i_1_n_0                                               | computer_uut/bootloader_inst/blState[7]_i_1_n_0       |                5 |             11 |
|  computer_uut/clkgen_inst/inst/clk_cpu | computer_uut/sdcon_inst/expectedSpiRxData[0]_i_1_n_0                                                | computer_uut/sdcon_inst/sdState[7]_i_1_n_0            |                4 |             11 |
| ~computer_uut/clkgen_inst/inst/clk_cpu | computer_uut/kernel_inst/dmemAAddr[11]_i_1__0_n_0                                                   | debugInfo_inst/SR[0]                                  |                3 |             11 |
|  computer_uut/clkgen_inst/inst/clk_vga |                                                                                                     | computer_uut/vga_inst/h_cnt_r[10]_i_1_n_0             |                5 |             11 |
|  computer_uut/clkgen_inst/inst/clk_cpu | computer_uut/sdcon_inst/responseByteCounter[10]_i_1_n_0                                             | computer_uut/sdcon_inst/sdState[7]_i_1_n_0            |                4 |             11 |
|  computer_uut/clkgen_inst/inst/clk_cpu | computer_uut/bootloader_inst/currFileClusNum[0]                                                     | computer_uut/bootloader_inst/blState[7]_i_1_n_0       |                4 |             12 |
|  computer_uut/clkgen_inst/inst/clk_cpu | computer_uut/sdcon_inst/startDelayCounter[11]_i_2_n_0                                               | computer_uut/sdcon_inst/startDelayCounter[11]_i_1_n_0 |                3 |             12 |
|  computer_uut/clkgen_inst/inst/clk_cpu |                                                                                                     | computer_uut/sdcon_inst/sdState[7]_i_1_n_0            |               11 |             14 |
| ~computer_uut/clkgen_inst/inst/clk_cpu |                                                                                                     |                                                       |                8 |             14 |
|  computer_uut/clkgen_inst/inst/clk_cpu | computer_uut/bootloader_inst/rootClusMemAddrb[14]_i_1_n_0                                           | computer_uut/bootloader_inst/blState[7]_i_1_n_0       |                4 |             15 |
|  computer_uut/clkgen_inst/inst/clk_cpu | computer_uut/bootloader_inst/memWordCount                                                           | computer_uut/bootloader_inst/blState[7]_i_1_n_0       |                2 |             16 |
| ~computer_uut/clkgen_inst/inst/clk_cpu | computer_uut/kernel_inst/dmemAIn[15]_i_1__0_n_0                                                     | debugInfo_inst/SR[0]                                  |                8 |             16 |
|  computer_uut/clkgen_inst/inst/clk_cpu | computer_uut/bootloader_inst/blState[7]_i_2_n_0                                                     | computer_uut/bootloader_inst/blState[7]_i_1_n_0       |                7 |             18 |
| ~computer_uut/clkgen_inst/inst/clk_cpu | computer_uut/kernel_inst/canvasPixelCount[17]_i_2_n_0                                               | computer_uut/kernel_inst/canvasPixelCount[17]_i_1_n_0 |                3 |             18 |
|  computer_uut/clkgen_inst/inst/clk_cpu |                                                                                                     | computer_uut/bootloader_inst/blState[7]_i_1_n_0       |               15 |             20 |
|  computer_uut/clkgen_inst/inst/clk_cpu | computer_uut/bootloader_inst/rootClusMemAddra[14]_i_1_n_0                                           | computer_uut/bootloader_inst/blState[7]_i_1_n_0       |               12 |             23 |
| ~computer_uut/clkgen_inst/inst/clk_cpu | computer_uut/kernel_inst/blLoadExecutableIMEMAddr[23]_i_1_n_0                                       |                                                       |                8 |             24 |
| ~computer_uut/clkgen_inst/inst/clk_cpu | computer_uut/kernel_inst/blLoadFileName[23]_i_1_n_0                                                 |                                                       |                3 |             24 |
|  computer_uut/clkgen_inst/inst/clk_cpu | computer_uut/bootloader_inst/blStateHistory_reg[0][0]                                               | debugInfo_inst/SR[0]                                  |                6 |             24 |
|  computer_uut/clkgen_inst/inst/clk_cpu | computer_uut/bootloader_inst/readByteCounter[10]_i_1_n_0                                            | computer_uut/bootloader_inst/blState[7]_i_1_n_0       |               13 |             27 |
|  computer_uut/clkgen_inst/inst/clk_cpu | computer_uut/sccpu/alu/clzblock/cause_reg_reg[0][0]                                                 | debugInfo_inst/SR[0]                                  |               10 |             27 |
|  computer_uut/clkgen_inst/inst/clk_cpu | computer_uut/sccpu/alu/clzblock/pc_reg[31][0]                                                       | debugInfo_inst/SR[0]                                  |               25 |             28 |
|  computer_uut/clkgen_inst/inst/clk_cpu | computer_uut/bootloader_inst/nextClusNum                                                            | computer_uut/bootloader_inst/blState[7]_i_1_n_0       |               32 |             32 |
|  computer_uut/clkgen_inst/inst/clk_cpu | computer_uut/bootloader_inst/readSectorCounter                                                      | computer_uut/bootloader_inst/blState[7]_i_1_n_0       |               12 |             32 |
|  computer_uut/clkgen_inst/inst/clk_cpu | computer_uut/bootloader_inst/currFileFATSecNum                                                      | computer_uut/bootloader_inst/blState[7]_i_1_n_0       |                9 |             32 |
|  computer_uut/clkgen_inst/inst/clk_cpu | computer_uut/bootloader_inst/currFileSectorCounter[31]_i_1_n_0                                      |                                                       |               13 |             32 |
|  computer_uut/clkgen_inst/inst/clk_cpu | computer_uut/sccpu/alu/clzblock/array_reg_reg[16][31][0]                                            | debugInfo_inst/SR[0]                                  |               11 |             32 |
|  computer_uut/clkgen_inst/inst/clk_cpu | computer_uut/bootloader_inst/currRootFATSecNum[31]_i_1_n_0                                          | computer_uut/bootloader_inst/blState[7]_i_1_n_0       |                9 |             32 |
|  computer_uut/clkgen_inst/inst/clk_cpu | computer_uut/bootloader_inst/debugInfo[31]_i_1_n_0                                                  |                                                       |               17 |             32 |
|  computer_uut/clkgen_inst/inst/clk_cpu | computer_uut/bootloader_inst/fatClusAddr                                                            | computer_uut/bootloader_inst/blState[7]_i_1_n_0       |                7 |             32 |
|  computer_uut/clkgen_inst/inst/clk_cpu | computer_uut/bootloader_inst/loadFileDMEMAddr                                                       | computer_uut/bootloader_inst/blState[7]_i_1_n_0       |               11 |             32 |
|  computer_uut/clkgen_inst/inst/clk_cpu | computer_uut/sccpu/alu/clzblock/array_reg_reg[10][31][0]                                            | debugInfo_inst/SR[0]                                  |               12 |             32 |
|  computer_uut/clkgen_inst/inst/clk_cpu | computer_uut/sccpu/alu/clzblock/array_reg_reg[11][31][0]                                            | debugInfo_inst/SR[0]                                  |               14 |             32 |
|  computer_uut/clkgen_inst/inst/clk_cpu | computer_uut/sccpu/alu/clzblock/array_reg_reg[12][31][0]                                            | debugInfo_inst/SR[0]                                  |               10 |             32 |
|  computer_uut/clkgen_inst/inst/clk_cpu | computer_uut/sccpu/alu/clzblock/array_reg_reg[13][31][0]                                            | debugInfo_inst/SR[0]                                  |               13 |             32 |
|  computer_uut/clkgen_inst/inst/clk_cpu | computer_uut/sccpu/alu/clzblock/array_reg_reg[14][31][0]                                            | debugInfo_inst/SR[0]                                  |               12 |             32 |
|  computer_uut/clkgen_inst/inst/clk_cpu | computer_uut/sccpu/alu/clzblock/array_reg_reg[17][31][0]                                            | debugInfo_inst/SR[0]                                  |               11 |             32 |
|  computer_uut/clkgen_inst/inst/clk_cpu | computer_uut/sccpu/alu/clzblock/array_reg_reg[15][31][0]                                            | debugInfo_inst/SR[0]                                  |               17 |             32 |
|  computer_uut/clkgen_inst/inst/clk_cpu | computer_uut/sccpu/alu/clzblock/array_reg_reg[18][31][0]                                            | debugInfo_inst/SR[0]                                  |                9 |             32 |
|  computer_uut/clkgen_inst/inst/clk_cpu | computer_uut/sccpu/alu/clzblock/array_reg_reg[19][31][0]                                            | debugInfo_inst/SR[0]                                  |               16 |             32 |
|  computer_uut/clkgen_inst/inst/clk_cpu | computer_uut/sdcon_inst/iReadSectorNumStored[31]_i_1_n_0                                            | computer_uut/sdcon_inst/sdState[7]_i_1_n_0            |                7 |             32 |
|  computer_uut/clkgen_inst/inst/clk_cpu | computer_uut/sccpu/alu/clzblock/array_reg_reg[1][31][0]                                             | debugInfo_inst/SR[0]                                  |               11 |             32 |
|  computer_uut/clkgen_inst/inst/clk_cpu | computer_uut/sccpu/alu/clzblock/array_reg_reg[20][31][0]                                            | debugInfo_inst/SR[0]                                  |               12 |             32 |
|  computer_uut/clkgen_inst/inst/clk_cpu | computer_uut/sdcon_inst/oDebugInfo[31]_i_1_n_0                                                      | computer_uut/sdcon_inst/sdState[7]_i_1_n_0            |               13 |             32 |
|  computer_uut/clkgen_inst/inst/clk_cpu | computer_uut/sccpu/alu/clzblock/array_reg_reg[21][31][0]                                            | debugInfo_inst/SR[0]                                  |               17 |             32 |
|  computer_uut/clkgen_inst/inst/clk_cpu | computer_uut/sccpu/alu/clzblock/array_reg_reg[22][31][0]                                            | debugInfo_inst/SR[0]                                  |               18 |             32 |
|  computer_uut/clkgen_inst/inst/clk_cpu | computer_uut/sccpu/alu/clzblock/array_reg_reg[23][31][0]                                            | debugInfo_inst/SR[0]                                  |               19 |             32 |
|  computer_uut/clkgen_inst/inst/clk_cpu | computer_uut/sccpu/alu/clzblock/array_reg_reg[24][31][0]                                            | debugInfo_inst/SR[0]                                  |               16 |             32 |
|  computer_uut/clkgen_inst/inst/clk_cpu | computer_uut/sccpu/alu/clzblock/array_reg_reg[25][31][0]                                            | debugInfo_inst/SR[0]                                  |               12 |             32 |
|  computer_uut/clkgen_inst/inst/clk_cpu | computer_uut/sccpu/alu/clzblock/array_reg_reg[26][31][0]                                            | debugInfo_inst/SR[0]                                  |               16 |             32 |
|  computer_uut/clkgen_inst/inst/clk_cpu | computer_uut/sccpu/alu/clzblock/array_reg_reg[27][31][0]                                            | debugInfo_inst/SR[0]                                  |               17 |             32 |
|  computer_uut/clkgen_inst/inst/clk_cpu | computer_uut/sccpu/alu/clzblock/array_reg_reg[28][31][0]                                            | debugInfo_inst/SR[0]                                  |               15 |             32 |
|  computer_uut/clkgen_inst/inst/clk_cpu | computer_uut/sdcon_inst/E[0]                                                                        | debugInfo_inst/SR[0]                                  |               13 |             32 |
|  computer_uut/clkgen_inst/inst/clk_cpu | computer_uut/sccpu/alu/clzblock/array_reg_reg[29][31][0]                                            | debugInfo_inst/SR[0]                                  |               13 |             32 |
|  computer_uut/clkgen_inst/inst/clk_cpu | computer_uut/sccpu/alu/clzblock/array_reg_reg[2][31][0]                                             | debugInfo_inst/SR[0]                                  |               17 |             32 |
|  computer_uut/clkgen_inst/inst/clk_cpu | computer_uut/sccpu/alu/clzblock/array_reg_reg[30][31]_1[0]                                          | debugInfo_inst/SR[0]                                  |               16 |             32 |
|  computer_uut/clkgen_inst/inst/clk_cpu | computer_uut/sccpu/alu/clzblock/array_reg_reg[31][31][0]                                            | debugInfo_inst/SR[0]                                  |               23 |             32 |
|  computer_uut/clkgen_inst/inst/clk_cpu | computer_uut/sccpu/alu/clzblock/array_reg_reg[3][31][0]                                             | debugInfo_inst/SR[0]                                  |               13 |             32 |
|  computer_uut/clkgen_inst/inst/clk_cpu | computer_uut/sccpu/alu/clzblock/array_reg_reg[4][31][0]                                             | debugInfo_inst/SR[0]                                  |               13 |             32 |
|  computer_uut/clkgen_inst/inst/clk_cpu | computer_uut/sccpu/alu/clzblock/array_reg_reg[5][31][0]                                             | debugInfo_inst/SR[0]                                  |               14 |             32 |
| ~computer_uut/clkgen_inst/inst/clk_cpu | computer_uut/kernel_inst/a0_1                                                                       |                                                       |               17 |             32 |
| ~computer_uut/clkgen_inst/inst/clk_cpu | computer_uut/kernel_inst/a1_4                                                                       |                                                       |               14 |             32 |
| ~computer_uut/clkgen_inst/inst/clk_cpu | computer_uut/kernel_inst/a2_0                                                                       |                                                       |               11 |             32 |
|  computer_uut/clkgen_inst/inst/clk_cpu | computer_uut/sccpu/alu/clzblock/array_reg_reg[6][31][0]                                             | debugInfo_inst/SR[0]                                  |               15 |             32 |
| ~computer_uut/clkgen_inst/inst/clk_cpu | computer_uut/kernel_inst/blLoadFileDMEMAddr[31]_i_1_n_0                                             |                                                       |               15 |             32 |
|  computer_uut/clkgen_inst/inst/clk_cpu | computer_uut/sccpu/alu/clzblock/array_reg_reg[7][31][0]                                             | debugInfo_inst/SR[0]                                  |               20 |             32 |
| ~computer_uut/clkgen_inst/inst/clk_cpu | computer_uut/kernel_inst/blLoadFileName[55]_i_1_n_0                                                 |                                                       |                4 |             32 |
| ~computer_uut/clkgen_inst/inst/clk_cpu | computer_uut/kernel_inst/blLoadFileName[87]_i_1_n_0                                                 |                                                       |                7 |             32 |
|  computer_uut/clkgen_inst/inst/clk_cpu | computer_uut/sccpu/alu/clzblock/array_reg_reg[8][31][0]                                             | debugInfo_inst/SR[0]                                  |               12 |             32 |
|  computer_uut/clkgen_inst/inst/clk_cpu | computer_uut/sccpu/alu/clzblock/array_reg_reg[9][31][0]                                             | debugInfo_inst/SR[0]                                  |               16 |             32 |
|  computer_uut/clkgen_inst/inst/clk_cpu | computer_uut/sccpu/alu/clzblock/hi_reg[0][0]                                                        | debugInfo_inst/SR[0]                                  |               21 |             32 |
|  computer_uut/clkgen_inst/inst/clk_cpu | computer_uut/sccpu/alu/clzblock/lo_reg[0][0]                                                        | debugInfo_inst/SR[0]                                  |               25 |             32 |
| ~computer_uut/clkgen_inst/inst/clk_cpu | computer_uut/kernel_inst/sevenSegOut[31]_i_1_n_0                                                    | debugInfo_inst/SR[0]                                  |               15 |             32 |
| ~computer_uut/clkgen_inst/inst/clk_cpu | computer_uut/kernel_inst/v1_2                                                                       |                                                       |               14 |             32 |
|  computer_uut/clkgen_inst/inst/clk_cpu | computer_uut/sccpu/cp0/epc_reg                                                                      | debugInfo_inst/SR[0]                                  |               18 |             32 |
|  computer_uut/clkgen_inst/inst/clk_cpu | computer_uut/sccpu/cp0/status_reg[31]_i_1_n_0                                                       | debugInfo_inst/SR[0]                                  |               15 |             32 |
|  computer_uut/clkgen_inst/inst/clk_cpu | computer_uut/sccpu/cpu_ref/array_reg[0][31]_i_2_n_0                                                 | debugInfo_inst/SR[0]                                  |               25 |             32 |
|  CLK100MHZ_IBUF                        |                                                                                                     |                                                       |               12 |             35 |
|  computer_uut/clkgen_inst/inst/clk_cpu | computer_uut/bootloader_inst/currRootClusNum                                                        | computer_uut/bootloader_inst/blState[7]_i_1_n_0       |                9 |             36 |
|  computer_uut/clkgen_inst/inst/clk_cpu | computer_uut/bootloader_inst/sdReadAddr[31]_i_1_n_0                                                 | computer_uut/bootloader_inst/blState[7]_i_1_n_0       |               16 |             40 |
|  computer_uut/clkgen_inst/inst/clk_cpu | computer_uut/bootloader_inst/dmemAAddr[11]_i_1_n_0                                                  | computer_uut/bootloader_inst/blState[7]_i_1_n_0       |                8 |             42 |
|  computer_uut/clkgen_inst/inst/clk_cpu | computer_uut/sdcon_inst/command[48]_i_1_n_0                                                         | computer_uut/sdcon_inst/sdState[7]_i_1_n_0            |               15 |             46 |
|  computer_uut/clkgen_inst/inst/clk_cpu | computer_uut/bootloader_inst/fileFATSector_reg_r1_64_127_0_2_i_1_n_0                                |                                                       |               14 |             48 |
|  computer_uut/clkgen_inst/inst/clk_cpu | computer_uut/bootloader_inst/fileFATSector_reg_r1_320_383_0_2_i_1_n_0                               |                                                       |               15 |             48 |
|  computer_uut/clkgen_inst/inst/clk_cpu | computer_uut/bootloader_inst/rootFATSector_reg_r1_256_319_0_2_i_1_n_0                               |                                                       |               15 |             48 |
|  computer_uut/clkgen_inst/inst/clk_cpu | computer_uut/bootloader_inst/fileFATSector_reg_r1_256_319_0_2_i_1_n_0                               |                                                       |               15 |             48 |
|  computer_uut/clkgen_inst/inst/clk_cpu | computer_uut/bootloader_inst/rootFATSector_reg_r1_192_255_0_2_i_1_n_0                               |                                                       |               14 |             48 |
|  computer_uut/clkgen_inst/inst/clk_cpu | computer_uut/bootloader_inst/rootFATSector_reg_r1_128_191_0_2_i_1_n_0                               |                                                       |               14 |             48 |
|  computer_uut/clkgen_inst/inst/clk_cpu | computer_uut/bootloader_inst/rootFATSector_reg_r1_0_63_0_2_i_1_n_0                                  |                                                       |               14 |             48 |
|  computer_uut/clkgen_inst/inst/clk_cpu | computer_uut/bootloader_inst/fileFATSector_reg_r1_192_255_0_2_i_1_n_0                               |                                                       |               14 |             48 |
|  computer_uut/clkgen_inst/inst/clk_cpu | computer_uut/bootloader_inst/fileFATSector_reg_r1_128_191_0_2_i_1_n_0                               |                                                       |               14 |             48 |
|  computer_uut/clkgen_inst/inst/clk_cpu | computer_uut/bootloader_inst/fileFATSector_reg_r1_0_63_0_2_i_1_n_0                                  |                                                       |               14 |             48 |
|  computer_uut/clkgen_inst/inst/clk_cpu | computer_uut/bootloader_inst/rootFATSector_reg_r1_64_127_0_2_i_1_n_0                                |                                                       |               14 |             48 |
|  computer_uut/clkgen_inst/inst/clk_cpu | computer_uut/bootloader_inst/rootFATSector_reg_r1_320_383_0_2_i_1_n_0                               |                                                       |               15 |             48 |
|  computer_uut/clkgen_inst/inst/clk_cpu | computer_uut/bootloader_inst/rootFATSector_reg_r1_448_511_0_2_i_1_n_0                               |                                                       |               15 |             48 |
|  computer_uut/clkgen_inst/inst/clk_cpu | computer_uut/bootloader_inst/rootFATSector_reg_r1_384_447_0_2_i_1_n_0                               |                                                       |               15 |             48 |
|  computer_uut/clkgen_inst/inst/clk_cpu | computer_uut/bootloader_inst/fileFATSector_reg_r1_384_447_0_2_i_1_n_0                               |                                                       |               15 |             48 |
|  computer_uut/clkgen_inst/inst/clk_cpu | computer_uut/bootloader_inst/fileFATSector_reg_r1_448_511_0_2_i_1_n_0                               |                                                       |               15 |             48 |
|  computer_uut/clkgen_inst/inst/clk_cpu | computer_uut/bootloader_inst/imemWAddr[23]_i_1_n_0                                                  | computer_uut/bootloader_inst/blState[7]_i_1_n_0       |               16 |             56 |
| ~computer_uut/clkgen_inst/inst/clk_cpu | computer_uut/kernel_inst/blWordLimit[31]_i_1_n_0                                                    |                                                       |               20 |             64 |
|  computer_uut/clkgen_inst/inst/clk_cpu | computer_uut/bootloader_inst/wordLimit                                                              | computer_uut/bootloader_inst/blState[7]_i_1_n_0       |               26 |             66 |
|  computer_uut/clkgen_inst/inst/clk_cpu |                                                                                                     |                                                       |               52 |             80 |
| ~computer_uut/clkgen_inst/inst/clk_cpu | computer_uut/kernel_inst/blLoadExecutableName[87]_i_1_n_0                                           |                                                       |               17 |             88 |
|  computer_uut/clkgen_inst/inst/clk_cpu | computer_uut/kernel_inst/E[0]                                                                       | computer_uut/bootloader_inst/blState[7]_i_1_n_0       |               17 |             88 |
|  computer_uut/clkgen_inst/inst/clk_cpu | computer_uut/bootloader_inst/loadExecutableName                                                     | computer_uut/bootloader_inst/blState[7]_i_1_n_0       |               29 |            112 |
|  computer_uut/clkgen_inst/inst/clk_cpu | computer_uut/imem/U0/synth_options.dist_mem_inst/gen_dp_ram.dpram_inst/ram_reg_896_1023_0_0_i_1_n_0 |                                                       |               32 |            128 |
|  computer_uut/clkgen_inst/inst/clk_cpu | computer_uut/imem/U0/synth_options.dist_mem_inst/gen_dp_ram.dpram_inst/ram_reg_512_639_0_0_i_1_n_0  |                                                       |               32 |            128 |
|  computer_uut/clkgen_inst/inst/clk_cpu | computer_uut/imem/U0/synth_options.dist_mem_inst/gen_dp_ram.dpram_inst/ram_reg_640_767_0_0_i_1_n_0  |                                                       |               32 |            128 |
|  computer_uut/clkgen_inst/inst/clk_cpu | computer_uut/imem/U0/synth_options.dist_mem_inst/gen_dp_ram.dpram_inst/ram_reg_256_383_0_0_i_1_n_0  |                                                       |               32 |            128 |
|  computer_uut/clkgen_inst/inst/clk_cpu | computer_uut/imem/U0/synth_options.dist_mem_inst/gen_dp_ram.dpram_inst/ram_reg_128_255_0_0_i_1_n_0  |                                                       |               32 |            128 |
|  computer_uut/clkgen_inst/inst/clk_cpu | computer_uut/imem/U0/synth_options.dist_mem_inst/gen_dp_ram.dpram_inst/ram_reg_0_127_0_0_i_1_n_0    |                                                       |               32 |            128 |
|  computer_uut/clkgen_inst/inst/clk_cpu | computer_uut/imem/U0/synth_options.dist_mem_inst/gen_dp_ram.dpram_inst/ram_reg_384_511_0_0_i_1_n_0  |                                                       |               32 |            128 |
|  computer_uut/clkgen_inst/inst/clk_cpu | computer_uut/imem/U0/synth_options.dist_mem_inst/gen_dp_ram.dpram_inst/ram_reg_768_895_0_0_i_1_n_0  |                                                       |               32 |            128 |
|  computer_uut/clkgen_inst/inst/clk_cpu | debugInfo_inst/regHistory[0][31]_i_1_n_0                                                            | debugInfo_inst/SR[0]                                  |               94 |            288 |
|  computer_uut/clkgen_inst/inst/clk_cpu | computer_uut/sdcon_inst/debugInfoHistory_reg[31][0][0]                                              | debugInfo_inst/SR[0]                                  |              290 |           1024 |
+----------------------------------------+-----------------------------------------------------------------------------------------------------+-------------------------------------------------------+------------------+----------------+


